Using lower_scale=1
Starting SG grid: 1 configs, workers=6
SG [1/1] elapsed=2.8m eta=0.0m best_final_total_mean=0.601687 status=ok
Saved SG grid table: /mnt/data/cqc/anaconda3/project/Synthetic example/final_report_experiments/deterministic/adaprox_tuning/results/legacy_scale1_pd_micro_iterinner_N20_sg_grid.csv
Best SG row: {'alpha': 0.001, 'xi': 0.0001, 'sigma': 0.01, 'beta': 0.01, 'gamma0': 300.0, 'threshold_scale': 1.0, 'constraint_step_interval': 10, 'num_seeds': 1, 'final_total_mean': 0.6016872525215149, 'final_total_std': 0.0, 'final_upper_mean': 0.1126478835940361, 'final_upper_std': 0.0, 'final_lower_mean': 0.4890393912792206, 'final_lower_std': 0.0, 'final_max_constraint_mean': 17.374675750732422, 'final_max_constraint_std': 0.0, 'final_score_mean': 17.976363003253937, 'final_score_std': 0.0, 'tail_mean_total_mean': 0.6016872525215149, 'tail_mean_total_std': 0.0, 'tail_mean_upper_mean': 0.1126478835940361, 'tail_mean_upper_std': 0.0, 'tail_mean_lower_mean': 0.4890393912792206, 'tail_mean_lower_std': 0.0, 'tail_mean_max_constraint_mean': 17.374675750732422, 'tail_mean_max_constraint_std': 0.0, 'tail_score_mean': 17.976363003253937, 'tail_score_std': 0.0, 'best_total_mean': 0.6016872525215149, 'best_total_std': 0.0, 'best_upper_mean': 0.1126478835940361, 'best_upper_std': 0.0, 'best_lower_mean': 0.3714917302131653, 'best_lower_std': 0.0, 'best_max_constraint_mean': 12.63648796081543, 'best_max_constraint_std': 0.0, 'time_mean': 165.73939527897164, 'time_std': 0.0, 'lower_scale': 1.0, 'method': 'SG', 'status': 'ok', 'error': ''}
Starting PD grid: 12 configs, workers=6
PD [1/12] elapsed=4.9m eta=53.9m best_final_total_mean=0.455514 status=ok
PD [2/12] elapsed=4.9m eta=24.5m best_final_total_mean=0.422555 status=ok
PD [3/12] elapsed=4.9m eta=14.7m best_final_total_mean=0.422555 status=ok
PD [4/12] elapsed=5.1m eta=10.2m best_final_total_mean=0.413212 status=ok
PD [5/12] elapsed=5.1m eta=7.1m best_final_total_mean=0.413212 status=ok
PD [6/12] elapsed=5.1m eta=5.1m best_final_total_mean=0.413212 status=ok
PD [7/12] elapsed=9.8m eta=7.0m best_final_total_mean=0.413212 status=ok
PD [8/12] elapsed=9.8m eta=4.9m best_final_total_mean=0.410347 status=ok
PD [9/12] elapsed=9.8m eta=3.3m best_final_total_mean=0.40876 status=ok
PD [10/12] elapsed=9.9m eta=2.0m best_final_total_mean=0.40876 status=ok
PD [11/12] elapsed=9.9m eta=0.9m best_final_total_mean=0.40876 status=ok
PD [12/12] elapsed=9.9m eta=0.0m best_final_total_mean=0.40876 status=ok
Saved PD grid table: /mnt/data/cqc/anaconda3/project/Synthetic example/final_report_experiments/deterministic/adaprox_tuning/results/legacy_scale1_pd_micro_iterinner_N20_pd_grid.csv
Best PD row: {'alpha': 0.001, 'xi': 0.0001, 'sigma': 0.01, 'beta': 0.01, 'primal_lr': 0.0004, 'dual_lr': 0.003, 'lambda_max': 100.0, 'dual_momentum': 0.0, 'reset_lambda_per_outer': False, 'num_seeds': 1, 'final_total_mean': 0.4087597727775574, 'final_total_std': 0.0, 'final_upper_mean': 0.05505895987153053, 'final_upper_std': 0.0, 'final_lower_mean': 0.35370081663131714, 'final_lower_std': 0.0, 'final_max_constraint_mean': 1.6950016021728516, 'final_max_constraint_std': 0.0, 'final_score_mean': 2.103761374950409, 'final_score_std': 0.0, 'tail_mean_total_mean': 0.4087597727775574, 'tail_mean_total_std': 0.0, 'tail_mean_upper_mean': 0.05505895987153053, 'tail_mean_upper_std': 0.0, 'tail_mean_lower_mean': 0.35370081663131714, 'tail_mean_lower_std': 0.0, 'tail_mean_max_constraint_mean': 1.6950016021728516, 'tail_mean_max_constraint_std': 0.0, 'tail_score_mean': 2.103761374950409, 'tail_score_std': 0.0, 'best_total_mean': 0.4087597727775574, 'best_total_std': 0.0, 'best_upper_mean': 0.05505895987153053, 'best_upper_std': 0.0, 'best_lower_mean': 0.35370081663131714, 'best_lower_std': 0.0, 'best_max_constraint_mean': 1.6950016021728516, 'best_max_constraint_std': 0.0, 'time_mean': 290.5531512745656, 'time_std': 0.0, 'lower_scale': 1.0, 'method': 'PD', 'status': 'ok', 'error': ''}
Running comparison with 10 repeated seeds
comparison repeat 1/10, seed=42
comparison repeat 2/10, seed=43
comparison repeat 3/10, seed=44
comparison repeat 4/10, seed=45
comparison repeat 5/10, seed=46
comparison repeat 6/10, seed=47
comparison repeat 7/10, seed=48
comparison repeat 8/10, seed=49
comparison repeat 9/10, seed=50
comparison repeat 10/10, seed=51
Saved comparison data: /mnt/data/cqc/anaconda3/project/Synthetic example/final_report_experiments/deterministic/adaprox_tuning/results/legacy_scale1_pd_micro_iterinner_N20_comparison.pt
Saved comparison figure: /mnt/data/cqc/anaconda3/project/Synthetic example/final_report_experiments/deterministic/adaprox_tuning/results/legacy_scale1_pd_micro_iterinner_N20_comparison.png
Best SG params: {'alpha': 0.001, 'xi': 0.0001, 'sigma': 0.01, 'beta': 0.01, 'gamma0': 300.0, 'threshold_scale': 1.0, 'constraint_step_interval': 10, 'num_seeds': 1, 'final_total_mean': 0.6016872525215149, 'final_total_std': 0.0, 'final_upper_mean': 0.1126478835940361, 'final_upper_std': 0.0, 'final_lower_mean': 0.4890393912792206, 'final_lower_std': 0.0, 'final_max_constraint_mean': 17.374675750732422, 'final_max_constraint_std': 0.0, 'final_score_mean': 17.976363003253937, 'final_score_std': 0.0, 'tail_mean_total_mean': 0.6016872525215149, 'tail_mean_total_std': 0.0, 'tail_mean_upper_mean': 0.1126478835940361, 'tail_mean_upper_std': 0.0, 'tail_mean_lower_mean': 0.4890393912792206, 'tail_mean_lower_std': 0.0, 'tail_mean_max_constraint_mean': 17.374675750732422, 'tail_mean_max_constraint_std': 0.0, 'tail_score_mean': 17.976363003253937, 'tail_score_std': 0.0, 'best_total_mean': 0.6016872525215149, 'best_total_std': 0.0, 'best_upper_mean': 0.1126478835940361, 'best_upper_std': 0.0, 'best_lower_mean': 0.3714917302131653, 'best_lower_std': 0.0, 'best_max_constraint_mean': 12.63648796081543, 'best_max_constraint_std': 0.0, 'time_mean': 165.73939527897164, 'time_std': 0.0, 'lower_scale': 1.0, 'method': 'SG', 'status': 'ok', 'error': ''}
Best PD params: {'alpha': 0.001, 'xi': 0.0001, 'sigma': 0.01, 'beta': 0.01, 'primal_lr': 0.0004, 'dual_lr': 0.003, 'lambda_max': 100.0, 'dual_momentum': 0.0, 'reset_lambda_per_outer': False, 'num_seeds': 1, 'final_total_mean': 0.4087597727775574, 'final_total_std': 0.0, 'final_upper_mean': 0.05505895987153053, 'final_upper_std': 0.0, 'final_lower_mean': 0.35370081663131714, 'final_lower_std': 0.0, 'final_max_constraint_mean': 1.6950016021728516, 'final_max_constraint_std': 0.0, 'final_score_mean': 2.103761374950409, 'final_score_std': 0.0, 'tail_mean_total_mean': 0.4087597727775574, 'tail_mean_total_std': 0.0, 'tail_mean_upper_mean': 0.05505895987153053, 'tail_mean_upper_std': 0.0, 'tail_mean_lower_mean': 0.35370081663131714, 'tail_mean_lower_std': 0.0, 'tail_mean_max_constraint_mean': 1.6950016021728516, 'tail_mean_max_constraint_std': 0.0, 'tail_score_mean': 2.103761374950409, 'tail_score_std': 0.0, 'best_total_mean': 0.4087597727775574, 'best_total_std': 0.0, 'best_upper_mean': 0.05505895987153053, 'best_upper_std': 0.0, 'best_lower_mean': 0.35370081663131714, 'best_lower_std': 0.0, 'best_max_constraint_mean': 1.6950016021728516, 'best_max_constraint_std': 0.0, 'time_mean': 290.5531512745656, 'time_std': 0.0, 'lower_scale': 1.0, 'method': 'PD', 'status': 'ok', 'error': ''}
