Using lower_scale=1, lower_divide_by_n=False
Starting SG grid: 144 configs, workers=24
SG [1/144] elapsed=0.7m eta=101.2m best_final_upper_mean=0.354774 status=ok
SG [2/144] elapsed=0.7m eta=50.3m best_final_upper_mean=0.354774 status=ok
SG [3/144] elapsed=0.7m eta=33.4m best_final_upper_mean=0.354774 status=ok
SG [4/144] elapsed=0.7m eta=24.8m best_final_upper_mean=0.354774 status=ok
SG [5/144] elapsed=0.7m eta=19.7m best_final_upper_mean=0.354774 status=ok
SG [6/144] elapsed=0.7m eta=16.3m best_final_upper_mean=0.354774 status=ok
SG [7/144] elapsed=0.7m eta=13.9m best_final_upper_mean=0.354774 status=ok
SG [8/144] elapsed=0.7m eta=12.1m best_final_upper_mean=0.354774 status=ok
SG [9/144] elapsed=0.7m eta=10.7m best_final_upper_mean=0.282514 status=ok
SG [10/144] elapsed=0.7m eta=9.5m best_final_upper_mean=0.282514 status=ok
SG [11/144] elapsed=0.7m eta=8.6m best_final_upper_mean=0.282514 status=ok
SG [12/144] elapsed=0.7m eta=7.8m best_final_upper_mean=0.282514 status=ok
SG [13/144] elapsed=0.7m eta=7.2m best_final_upper_mean=0.282514 status=ok
SG [14/144] elapsed=0.7m eta=6.6m best_final_upper_mean=0.282514 status=ok
SG [15/144] elapsed=0.7m eta=6.1m best_final_upper_mean=0.282514 status=ok
SG [16/144] elapsed=0.7m eta=5.7m best_final_upper_mean=0.282514 status=ok
SG [17/144] elapsed=0.7m eta=5.3m best_final_upper_mean=0.275587 status=ok
SG [18/144] elapsed=0.7m eta=5.0m best_final_upper_mean=0.275587 status=ok
SG [19/144] elapsed=0.7m eta=4.7m best_final_upper_mean=0.275587 status=ok
SG [20/144] elapsed=0.7m eta=4.4m best_final_upper_mean=0.275587 status=ok
SG [21/144] elapsed=0.7m eta=4.2m best_final_upper_mean=0.275587 status=ok
SG [22/144] elapsed=0.7m eta=4.0m best_final_upper_mean=0.275587 status=ok
SG [23/144] elapsed=0.7m eta=3.8m best_final_upper_mean=0.275587 status=ok
SG [24/144] elapsed=0.7m eta=3.6m best_final_upper_mean=0.275587 status=ok
SG [25/144] elapsed=1.3m eta=6.4m best_final_upper_mean=0.275587 status=ok
SG [26/144] elapsed=1.3m eta=6.1m best_final_upper_mean=0.275587 status=ok
SG [27/144] elapsed=1.3m eta=5.8m best_final_upper_mean=0.275587 status=ok
SG [28/144] elapsed=1.3m eta=5.6m best_final_upper_mean=0.275587 status=ok
SG [29/144] elapsed=1.3m eta=5.3m best_final_upper_mean=0.275587 status=ok
SG [30/144] elapsed=1.3m eta=5.1m best_final_upper_mean=0.275587 status=ok
SG [31/144] elapsed=1.3m eta=4.9m best_final_upper_mean=0.275587 status=ok
SG [32/144] elapsed=1.3m eta=4.7m best_final_upper_mean=0.275587 status=ok
SG [33/144] elapsed=1.3m eta=4.5m best_final_upper_mean=0.275587 status=ok
SG [34/144] elapsed=1.3m eta=4.4m best_final_upper_mean=0.275587 status=ok
SG [35/144] elapsed=1.3m eta=4.2m best_final_upper_mean=0.275587 status=ok
SG [36/144] elapsed=1.3m eta=4.0m best_final_upper_mean=0.275587 status=ok
SG [37/144] elapsed=1.3m eta=3.9m best_final_upper_mean=0.275587 status=ok
SG [38/144] elapsed=1.3m eta=3.8m best_final_upper_mean=0.275587 status=ok
SG [39/144] elapsed=1.3m eta=3.6m best_final_upper_mean=0.275587 status=ok
SG [40/144] elapsed=1.4m eta=3.5m best_final_upper_mean=0.275587 status=ok
SG [41/144] elapsed=1.4m eta=3.4m best_final_upper_mean=0.275587 status=ok
SG [42/144] elapsed=1.4m eta=3.3m best_final_upper_mean=0.275587 status=ok
SG [43/144] elapsed=1.4m eta=3.2m best_final_upper_mean=0.275587 status=ok
SG [44/144] elapsed=1.4m eta=3.1m best_final_upper_mean=0.275587 status=ok
SG [45/144] elapsed=1.4m eta=3.0m best_final_upper_mean=0.275587 status=ok
SG [46/144] elapsed=1.4m eta=2.9m best_final_upper_mean=0.275587 status=ok
SG [47/144] elapsed=1.4m eta=2.8m best_final_upper_mean=0.275587 status=ok
SG [48/144] elapsed=1.4m eta=2.7m best_final_upper_mean=0.275587 status=ok
SG [49/144] elapsed=2.0m eta=3.8m best_final_upper_mean=0.275587 status=ok
SG [50/144] elapsed=2.0m eta=3.7m best_final_upper_mean=0.275587 status=ok
SG [51/144] elapsed=2.0m eta=3.6m best_final_upper_mean=0.275587 status=ok
SG [52/144] elapsed=2.0m eta=3.5m best_final_upper_mean=0.275587 status=ok
SG [53/144] elapsed=2.0m eta=3.4m best_final_upper_mean=0.275587 status=ok
SG [54/144] elapsed=2.0m eta=3.3m best_final_upper_mean=0.275587 status=ok
SG [55/144] elapsed=2.0m eta=3.2m best_final_upper_mean=0.275587 status=ok
SG [56/144] elapsed=2.0m eta=3.1m best_final_upper_mean=0.275587 status=ok
SG [57/144] elapsed=2.0m eta=3.0m best_final_upper_mean=0.275587 status=ok
SG [58/144] elapsed=2.0m eta=2.9m best_final_upper_mean=0.275587 status=ok
SG [59/144] elapsed=2.0m eta=2.9m best_final_upper_mean=0.275587 status=ok
SG [60/144] elapsed=2.0m eta=2.8m best_final_upper_mean=0.275587 status=ok
SG [61/144] elapsed=2.0m eta=2.7m best_final_upper_mean=0.275587 status=ok
SG [62/144] elapsed=2.0m eta=2.6m best_final_upper_mean=0.275587 status=ok
SG [63/144] elapsed=2.0m eta=2.6m best_final_upper_mean=0.275587 status=ok
SG [64/144] elapsed=2.0m eta=2.5m best_final_upper_mean=0.275587 status=ok
SG [65/144] elapsed=2.0m eta=2.4m best_final_upper_mean=0.275587 status=ok
SG [66/144] elapsed=2.0m eta=2.4m best_final_upper_mean=0.275587 status=ok
SG [67/144] elapsed=2.0m eta=2.3m best_final_upper_mean=0.275587 status=ok
SG [68/144] elapsed=2.0m eta=2.2m best_final_upper_mean=0.275587 status=ok
SG [69/144] elapsed=2.0m eta=2.2m best_final_upper_mean=0.275587 status=ok
SG [70/144] elapsed=2.0m eta=2.1m best_final_upper_mean=0.275587 status=ok
SG [71/144] elapsed=2.0m eta=2.0m best_final_upper_mean=0.275587 status=ok
SG [72/144] elapsed=2.0m eta=2.0m best_final_upper_mean=0.275587 status=ok
SG [73/144] elapsed=2.6m eta=2.5m best_final_upper_mean=0.275587 status=ok
SG [74/144] elapsed=2.6m eta=2.5m best_final_upper_mean=0.275587 status=ok
SG [75/144] elapsed=2.6m eta=2.4m best_final_upper_mean=0.275583 status=ok
SG [76/144] elapsed=2.6m eta=2.3m best_final_upper_mean=0.275583 status=ok
SG [77/144] elapsed=2.6m eta=2.3m best_final_upper_mean=0.275583 status=ok
SG [78/144] elapsed=2.6m eta=2.2m best_final_upper_mean=0.275583 status=ok
SG [79/144] elapsed=2.6m eta=2.2m best_final_upper_mean=0.275583 status=ok
SG [80/144] elapsed=2.6m eta=2.1m best_final_upper_mean=0.275583 status=ok
SG [81/144] elapsed=2.6m eta=2.0m best_final_upper_mean=0.275583 status=ok
SG [82/144] elapsed=2.6m eta=2.0m best_final_upper_mean=0.275583 status=ok
SG [83/144] elapsed=2.6m eta=1.9m best_final_upper_mean=0.275583 status=ok
SG [84/144] elapsed=2.6m eta=1.9m best_final_upper_mean=0.275583 status=ok
SG [85/144] elapsed=2.6m eta=1.8m best_final_upper_mean=0.275583 status=ok
SG [86/144] elapsed=2.6m eta=1.8m best_final_upper_mean=0.275583 status=ok
SG [87/144] elapsed=2.6m eta=1.7m best_final_upper_mean=0.275583 status=ok
SG [88/144] elapsed=2.6m eta=1.7m best_final_upper_mean=0.275583 status=ok
SG [89/144] elapsed=2.6m eta=1.6m best_final_upper_mean=0.275583 status=ok
SG [90/144] elapsed=2.6m eta=1.6m best_final_upper_mean=0.275583 status=ok
SG [91/144] elapsed=2.6m eta=1.5m best_final_upper_mean=0.275583 status=ok
SG [92/144] elapsed=2.6m eta=1.5m best_final_upper_mean=0.275583 status=ok
SG [93/144] elapsed=2.6m eta=1.4m best_final_upper_mean=0.275583 status=ok
SG [94/144] elapsed=2.6m eta=1.4m best_final_upper_mean=0.275583 status=ok
SG [95/144] elapsed=2.6m eta=1.4m best_final_upper_mean=0.275583 status=ok
SG [96/144] elapsed=2.6m eta=1.3m best_final_upper_mean=0.275583 status=ok
SG [97/144] elapsed=3.2m eta=1.6m best_final_upper_mean=0.275583 status=ok
SG [98/144] elapsed=3.3m eta=1.5m best_final_upper_mean=0.275583 status=ok
SG [99/144] elapsed=3.3m eta=1.5m best_final_upper_mean=0.275583 status=ok
SG [100/144] elapsed=3.3m eta=1.4m best_final_upper_mean=0.275583 status=ok
SG [101/144] elapsed=3.3m eta=1.4m best_final_upper_mean=0.275583 status=ok
SG [102/144] elapsed=3.3m eta=1.3m best_final_upper_mean=0.275583 status=ok
SG [103/144] elapsed=3.3m eta=1.3m best_final_upper_mean=0.275583 status=ok
SG [104/144] elapsed=3.3m eta=1.3m best_final_upper_mean=0.275583 status=ok
SG [105/144] elapsed=3.3m eta=1.2m best_final_upper_mean=0.275583 status=ok
SG [106/144] elapsed=3.3m eta=1.2m best_final_upper_mean=0.275583 status=ok
SG [107/144] elapsed=3.3m eta=1.1m best_final_upper_mean=0.275583 status=ok
SG [108/144] elapsed=3.3m eta=1.1m best_final_upper_mean=0.275583 status=ok
SG [109/144] elapsed=3.3m eta=1.0m best_final_upper_mean=0.275583 status=ok
SG [110/144] elapsed=3.3m eta=1.0m best_final_upper_mean=0.275583 status=ok
SG [111/144] elapsed=3.3m eta=1.0m best_final_upper_mean=0.275583 status=ok
SG [112/144] elapsed=3.3m eta=0.9m best_final_upper_mean=0.275583 status=ok
SG [113/144] elapsed=3.3m eta=0.9m best_final_upper_mean=0.275583 status=ok
SG [114/144] elapsed=3.3m eta=0.9m best_final_upper_mean=0.275583 status=ok
SG [115/144] elapsed=3.3m eta=0.8m best_final_upper_mean=0.275583 status=ok
SG [116/144] elapsed=3.3m eta=0.8m best_final_upper_mean=0.275583 status=ok
SG [117/144] elapsed=3.3m eta=0.8m best_final_upper_mean=0.275583 status=ok
SG [118/144] elapsed=3.3m eta=0.7m best_final_upper_mean=0.275583 status=ok
SG [119/144] elapsed=3.3m eta=0.7m best_final_upper_mean=0.275583 status=ok
SG [120/144] elapsed=3.3m eta=0.7m best_final_upper_mean=0.275583 status=ok
SG [121/144] elapsed=3.9m eta=0.7m best_final_upper_mean=0.275583 status=ok
SG [122/144] elapsed=3.9m eta=0.7m best_final_upper_mean=0.275583 status=ok
SG [123/144] elapsed=3.9m eta=0.7m best_final_upper_mean=0.275583 status=ok
SG [124/144] elapsed=3.9m eta=0.6m best_final_upper_mean=0.275583 status=ok
SG [125/144] elapsed=3.9m eta=0.6m best_final_upper_mean=0.275583 status=ok
SG [126/144] elapsed=3.9m eta=0.6m best_final_upper_mean=0.275583 status=ok
SG [127/144] elapsed=3.9m eta=0.5m best_final_upper_mean=0.275583 status=ok
SG [128/144] elapsed=3.9m eta=0.5m best_final_upper_mean=0.275583 status=ok
SG [129/144] elapsed=3.9m eta=0.5m best_final_upper_mean=0.275583 status=ok
SG [130/144] elapsed=3.9m eta=0.4m best_final_upper_mean=0.275583 status=ok
SG [131/144] elapsed=3.9m eta=0.4m best_final_upper_mean=0.275583 status=ok
SG [132/144] elapsed=3.9m eta=0.4m best_final_upper_mean=0.275583 status=ok
SG [133/144] elapsed=3.9m eta=0.3m best_final_upper_mean=0.275583 status=ok
SG [134/144] elapsed=3.9m eta=0.3m best_final_upper_mean=0.275583 status=ok
SG [135/144] elapsed=3.9m eta=0.3m best_final_upper_mean=0.275583 status=ok
SG [136/144] elapsed=3.9m eta=0.2m best_final_upper_mean=0.275583 status=ok
SG [137/144] elapsed=3.9m eta=0.2m best_final_upper_mean=0.275583 status=ok
SG [138/144] elapsed=3.9m eta=0.2m best_final_upper_mean=0.275583 status=ok
SG [139/144] elapsed=3.9m eta=0.1m best_final_upper_mean=0.275583 status=ok
SG [140/144] elapsed=3.9m eta=0.1m best_final_upper_mean=0.275583 status=ok
SG [141/144] elapsed=3.9m eta=0.1m best_final_upper_mean=0.275583 status=ok
SG [142/144] elapsed=3.9m eta=0.1m best_final_upper_mean=0.275583 status=ok
SG [143/144] elapsed=3.9m eta=0.0m best_final_upper_mean=0.275583 status=ok
SG [144/144] elapsed=3.9m eta=0.0m best_final_upper_mean=0.275583 status=ok
Saved SG grid table: /mnt/data/cqc/anaconda3/project/Synthetic example/final_report_experiments/deterministic/adaprox_tuning/results/legacy_stage1_nodivn_upper_sg_grid.csv
Best SG row: {'alpha': 0.001, 'xi': 0.01, 'sigma': 0.001, 'beta': 0.001, 'gamma0': 10.0, 'threshold_scale': 1.0, 'constraint_step_interval': 0, 'num_seeds': 1, 'final_total_mean': 0.27561965584754944, 'final_total_std': 0.0, 'final_upper_mean': 0.275582879781723, 'final_upper_std': 0.0, 'final_lower_mean': 3.676773121696897e-05, 'final_lower_std': 0.0, 'final_max_constraint_mean': 0.34640422463417053, 'final_max_constraint_std': 0.0, 'final_score_mean': 0.62202388048172, 'final_score_std': 0.0, 'tail_mean_total_mean': 0.27561965584754944, 'tail_mean_total_std': 0.0, 'tail_mean_upper_mean': 0.275582879781723, 'tail_mean_upper_std': 0.0, 'tail_mean_lower_mean': 3.676773121696897e-05, 'tail_mean_lower_std': 0.0, 'tail_mean_max_constraint_mean': 0.34640422463417053, 'tail_mean_max_constraint_std': 0.0, 'tail_score_mean': 0.62202388048172, 'tail_score_std': 0.0, 'best_total_mean': 0.27561965584754944, 'best_total_std': 0.0, 'best_upper_mean': 0.275582879781723, 'best_upper_std': 0.0, 'best_lower_mean': 3.676773121696897e-05, 'best_lower_std': 0.0, 'best_max_constraint_mean': 0.34640422463417053, 'best_max_constraint_std': 0.0, 'time_mean': 38.09911693027243, 'time_std': 0.0, 'lower_scale': 1.0, 'lower_divide_by_n': False, 'method': 'SG', 'status': 'ok', 'error': ''}
Starting PD grid: 576 configs, workers=24
PD [1/576] elapsed=0.9m eta=514.9m best_final_upper_mean=0.213989 status=ok
PD [2/576] elapsed=0.9m eta=257.3m best_final_upper_mean=0.213989 status=ok
PD [3/576] elapsed=0.9m eta=171.3m best_final_upper_mean=0.0045362 status=ok
PD [4/576] elapsed=0.9m eta=128.2m best_final_upper_mean=0.0045362 status=ok
PD [5/576] elapsed=0.9m eta=102.5m best_final_upper_mean=0.0045362 status=ok
PD [6/576] elapsed=0.9m eta=85.3m best_final_upper_mean=0.0045362 status=ok
PD [7/576] elapsed=0.9m eta=73.0m best_final_upper_mean=0.0045362 status=ok
PD [8/576] elapsed=0.9m eta=63.8m best_final_upper_mean=0.0045362 status=ok
PD [9/576] elapsed=0.9m eta=56.6m best_final_upper_mean=0.0045362 status=ok
PD [10/576] elapsed=0.9m eta=50.8m best_final_upper_mean=0.0045362 status=ok
PD [11/576] elapsed=0.9m eta=46.2m best_final_upper_mean=0.0045362 status=ok
PD [12/576] elapsed=0.9m eta=42.2m best_final_upper_mean=0.0045362 status=ok
PD [13/576] elapsed=0.9m eta=38.9m best_final_upper_mean=0.00417925 status=ok
PD [14/576] elapsed=0.9m eta=36.1m best_final_upper_mean=0.00417925 status=ok
PD [15/576] elapsed=0.9m eta=33.6m best_final_upper_mean=0.00417925 status=ok
PD [16/576] elapsed=0.9m eta=31.5m best_final_upper_mean=0.00417925 status=ok
PD [17/576] elapsed=0.9m eta=29.6m best_final_upper_mean=0.00417925 status=ok
PD [18/576] elapsed=0.9m eta=27.9m best_final_upper_mean=0.00417925 status=ok
PD [19/576] elapsed=0.9m eta=26.4m best_final_upper_mean=0.00417925 status=ok
PD [20/576] elapsed=0.9m eta=25.0m best_final_upper_mean=0.000682084 status=ok
PD [21/576] elapsed=0.9m eta=23.8m best_final_upper_mean=0.000682084 status=ok
PD [22/576] elapsed=0.9m eta=22.7m best_final_upper_mean=0.000682084 status=ok
PD [23/576] elapsed=0.9m eta=21.7m best_final_upper_mean=0.000682084 status=ok
PD [24/576] elapsed=0.9m eta=20.9m best_final_upper_mean=0.000682084 status=ok
PD [25/576] elapsed=1.7m eta=37.9m best_final_upper_mean=0.000682084 status=ok
PD [26/576] elapsed=1.7m eta=36.4m best_final_upper_mean=0.000682084 status=ok
PD [27/576] elapsed=1.7m eta=35.0m best_final_upper_mean=0.000682084 status=ok
PD [28/576] elapsed=1.7m eta=33.7m best_final_upper_mean=0.000682084 status=ok
PD [29/576] elapsed=1.7m eta=32.5m best_final_upper_mean=0.000682084 status=ok
PD [30/576] elapsed=1.7m eta=31.3m best_final_upper_mean=0.000667973 status=ok
PD [31/576] elapsed=1.7m eta=30.3m best_final_upper_mean=0.000667973 status=ok
PD [32/576] elapsed=1.7m eta=29.3m best_final_upper_mean=0.000667973 status=ok
PD [33/576] elapsed=1.7m eta=28.3m best_final_upper_mean=0.000667973 status=ok
PD [34/576] elapsed=1.7m eta=27.5m best_final_upper_mean=0.000667973 status=ok
PD [35/576] elapsed=1.7m eta=26.6m best_final_upper_mean=0.000667973 status=ok
PD [36/576] elapsed=1.7m eta=25.9m best_final_upper_mean=0.000667973 status=ok
PD [37/576] elapsed=1.7m eta=25.1m best_final_upper_mean=0.000667973 status=ok
PD [38/576] elapsed=1.7m eta=24.4m best_final_upper_mean=0.000667973 status=ok
PD [39/576] elapsed=1.7m eta=23.7m best_final_upper_mean=0.000667973 status=ok
PD [40/576] elapsed=1.7m eta=23.1m best_final_upper_mean=0.000667973 status=ok
PD [41/576] elapsed=1.7m eta=22.5m best_final_upper_mean=0.000667973 status=ok
PD [42/576] elapsed=1.7m eta=21.9m best_final_upper_mean=0.000667973 status=ok
PD [43/576] elapsed=1.7m eta=21.4m best_final_upper_mean=0.000667973 status=ok
PD [44/576] elapsed=1.7m eta=20.9m best_final_upper_mean=0.000667973 status=ok
PD [45/576] elapsed=1.7m eta=20.4m best_final_upper_mean=0.000667973 status=ok
PD [46/576] elapsed=1.7m eta=19.9m best_final_upper_mean=0.000667973 status=ok
PD [47/576] elapsed=1.7m eta=19.5m best_final_upper_mean=0.000667973 status=ok
PD [48/576] elapsed=1.7m eta=19.1m best_final_upper_mean=0.000667973 status=ok
PD [49/576] elapsed=2.5m eta=27.3m best_final_upper_mean=0.000667973 status=ok
PD [50/576] elapsed=2.5m eta=26.8m best_final_upper_mean=0.000667973 status=ok
PD [51/576] elapsed=2.5m eta=26.2m best_final_upper_mean=0.000667973 status=ok
PD [52/576] elapsed=2.5m eta=25.6m best_final_upper_mean=0.000667973 status=ok
PD [53/576] elapsed=2.5m eta=25.1m best_final_upper_mean=0.000667973 status=ok
PD [54/576] elapsed=2.5m eta=24.6m best_final_upper_mean=0.000667973 status=ok
PD [55/576] elapsed=2.5m eta=24.1m best_final_upper_mean=0.000667973 status=ok
PD [56/576] elapsed=2.5m eta=23.6m best_final_upper_mean=0.000667973 status=ok
PD [57/576] elapsed=2.5m eta=23.2m best_final_upper_mean=0.000667973 status=ok
PD [58/576] elapsed=2.5m eta=22.8m best_final_upper_mean=0.000667973 status=ok
PD [59/576] elapsed=2.5m eta=22.3m best_final_upper_mean=0.000667973 status=ok
PD [60/576] elapsed=2.5m eta=21.9m best_final_upper_mean=0.000667973 status=ok
PD [61/576] elapsed=2.5m eta=21.5m best_final_upper_mean=0.000667973 status=ok
PD [62/576] elapsed=2.5m eta=21.1m best_final_upper_mean=0.000667973 status=ok
PD [63/576] elapsed=2.5m eta=20.8m best_final_upper_mean=0.000667973 status=ok
PD [64/576] elapsed=2.5m eta=20.4m best_final_upper_mean=0.000667973 status=ok
PD [65/576] elapsed=2.5m eta=20.0m best_final_upper_mean=0.000667973 status=ok
PD [66/576] elapsed=2.5m eta=19.7m best_final_upper_mean=0.000667973 status=ok
PD [67/576] elapsed=2.6m eta=19.4m best_final_upper_mean=0.000667973 status=ok
PD [68/576] elapsed=2.6m eta=19.1m best_final_upper_mean=0.000667973 status=ok
PD [69/576] elapsed=2.6m eta=18.8m best_final_upper_mean=0.000667973 status=ok
PD [70/576] elapsed=2.6m eta=18.5m best_final_upper_mean=0.000667973 status=ok
PD [71/576] elapsed=2.6m eta=18.2m best_final_upper_mean=0.000667973 status=ok
PD [72/576] elapsed=2.6m eta=17.9m best_final_upper_mean=0.000667973 status=ok
PD [73/576] elapsed=3.4m eta=23.1m best_final_upper_mean=0.000667973 status=ok
PD [74/576] elapsed=3.4m eta=22.8m best_final_upper_mean=0.000667973 status=ok
PD [75/576] elapsed=3.4m eta=22.5m best_final_upper_mean=0.000667973 status=ok
PD [76/576] elapsed=3.4m eta=22.2m best_final_upper_mean=0.000667973 status=ok
PD [77/576] elapsed=3.4m eta=21.8m best_final_upper_mean=0.000667973 status=ok
PD [78/576] elapsed=3.4m eta=21.5m best_final_upper_mean=0.000667973 status=ok
PD [79/576] elapsed=3.4m eta=21.2m best_final_upper_mean=0.000667973 status=ok
PD [80/576] elapsed=3.4m eta=20.9m best_final_upper_mean=0.000667973 status=ok
PD [81/576] elapsed=3.4m eta=20.6m best_final_upper_mean=0.000667973 status=ok
PD [82/576] elapsed=3.4m eta=20.3m best_final_upper_mean=0.000667973 status=ok
PD [83/576] elapsed=3.4m eta=20.0m best_final_upper_mean=0.000667973 status=ok
PD [84/576] elapsed=3.4m eta=19.8m best_final_upper_mean=0.000667973 status=ok
PD [85/576] elapsed=3.4m eta=19.5m best_final_upper_mean=0.000667973 status=ok
PD [86/576] elapsed=3.4m eta=19.2m best_final_upper_mean=0.000666516 status=ok
PD [87/576] elapsed=3.4m eta=19.0m best_final_upper_mean=0.000666516 status=ok
PD [88/576] elapsed=3.4m eta=18.7m best_final_upper_mean=0.000666516 status=ok
PD [89/576] elapsed=3.4m eta=18.5m best_final_upper_mean=0.000666516 status=ok
PD [90/576] elapsed=3.4m eta=18.2m best_final_upper_mean=0.000666516 status=ok
PD [91/576] elapsed=3.4m eta=18.0m best_final_upper_mean=0.000666516 status=ok
PD [92/576] elapsed=3.4m eta=17.8m best_final_upper_mean=0.000666516 status=ok
PD [93/576] elapsed=3.4m eta=17.5m best_final_upper_mean=0.000666516 status=ok
PD [94/576] elapsed=3.4m eta=17.3m best_final_upper_mean=0.000666516 status=ok
PD [95/576] elapsed=3.4m eta=17.1m best_final_upper_mean=0.000666516 status=ok
PD [96/576] elapsed=3.4m eta=16.9m best_final_upper_mean=0.000666516 status=ok
PD [97/576] elapsed=4.2m eta=20.7m best_final_upper_mean=0.000666516 status=ok
PD [98/576] elapsed=4.2m eta=20.4m best_final_upper_mean=0.000666516 status=ok
PD [99/576] elapsed=4.2m eta=20.2m best_final_upper_mean=0.000666516 status=ok
PD [100/576] elapsed=4.2m eta=20.0m best_final_upper_mean=0.000666516 status=ok
PD [101/576] elapsed=4.2m eta=19.7m best_final_upper_mean=0.000666516 status=ok
PD [102/576] elapsed=4.2m eta=19.5m best_final_upper_mean=0.000666516 status=ok
PD [103/576] elapsed=4.2m eta=19.3m best_final_upper_mean=0.000633759 status=ok
PD [104/576] elapsed=4.2m eta=19.0m best_final_upper_mean=0.000633759 status=ok
PD [105/576] elapsed=4.2m eta=18.8m best_final_upper_mean=0.000633759 status=ok
PD [106/576] elapsed=4.2m eta=18.6m best_final_upper_mean=0.000633759 status=ok
PD [107/576] elapsed=4.2m eta=18.4m best_final_upper_mean=0.000633759 status=ok
PD [108/576] elapsed=4.2m eta=18.2m best_final_upper_mean=0.000633759 status=ok
PD [109/576] elapsed=4.2m eta=18.0m best_final_upper_mean=0.000633759 status=ok
PD [110/576] elapsed=4.2m eta=17.8m best_final_upper_mean=0.000633759 status=ok
PD [111/576] elapsed=4.2m eta=17.6m best_final_upper_mean=0.000633759 status=ok
PD [112/576] elapsed=4.2m eta=17.4m best_final_upper_mean=0.000633759 status=ok
PD [113/576] elapsed=4.2m eta=17.2m best_final_upper_mean=0.000633759 status=ok
PD [114/576] elapsed=4.2m eta=17.0m best_final_upper_mean=0.000633759 status=ok
PD [115/576] elapsed=4.2m eta=16.9m best_final_upper_mean=0.000633759 status=ok
PD [116/576] elapsed=4.2m eta=16.7m best_final_upper_mean=0.000633759 status=ok
PD [117/576] elapsed=4.2m eta=16.5m best_final_upper_mean=0.000633759 status=ok
PD [118/576] elapsed=4.2m eta=16.3m best_final_upper_mean=0.000633759 status=ok
PD [119/576] elapsed=4.2m eta=16.2m best_final_upper_mean=0.000633759 status=ok
PD [120/576] elapsed=4.2m eta=16.0m best_final_upper_mean=0.000633759 status=ok
PD [121/576] elapsed=5.0m eta=18.8m best_final_upper_mean=0.000633401 status=ok
PD [122/576] elapsed=5.0m eta=18.7m best_final_upper_mean=0.000633401 status=ok
PD [123/576] elapsed=5.0m eta=18.5m best_final_upper_mean=0.000633401 status=ok
PD [124/576] elapsed=5.0m eta=18.3m best_final_upper_mean=0.000633401 status=ok
PD [125/576] elapsed=5.0m eta=18.1m best_final_upper_mean=0.000633401 status=ok
PD [126/576] elapsed=5.0m eta=17.9m best_final_upper_mean=0.000633401 status=ok
PD [127/576] elapsed=5.0m eta=17.7m best_final_upper_mean=0.000633401 status=ok
PD [128/576] elapsed=5.0m eta=17.6m best_final_upper_mean=0.000633401 status=ok
PD [129/576] elapsed=5.0m eta=17.4m best_final_upper_mean=0.000633401 status=ok
PD [130/576] elapsed=5.0m eta=17.2m best_final_upper_mean=0.000633401 status=ok
PD [131/576] elapsed=5.0m eta=17.1m best_final_upper_mean=0.000633401 status=ok
PD [132/576] elapsed=5.0m eta=16.9m best_final_upper_mean=0.000633401 status=ok
PD [133/576] elapsed=5.0m eta=16.7m best_final_upper_mean=0.000633401 status=ok
PD [134/576] elapsed=5.0m eta=16.6m best_final_upper_mean=0.000633401 status=ok
PD [135/576] elapsed=5.0m eta=16.4m best_final_upper_mean=0.000629639 status=ok
PD [136/576] elapsed=5.0m eta=16.3m best_final_upper_mean=0.000629639 status=ok
PD [137/576] elapsed=5.0m eta=16.1m best_final_upper_mean=0.000629639 status=ok
PD [138/576] elapsed=5.0m eta=16.0m best_final_upper_mean=0.000629639 status=ok
PD [139/576] elapsed=5.0m eta=15.8m best_final_upper_mean=0.000629639 status=ok
PD [140/576] elapsed=5.0m eta=15.7m best_final_upper_mean=0.000629639 status=ok
PD [141/576] elapsed=5.0m eta=15.5m best_final_upper_mean=0.000629639 status=ok
PD [142/576] elapsed=5.0m eta=15.4m best_final_upper_mean=0.000629639 status=ok
PD [143/576] elapsed=5.0m eta=15.2m best_final_upper_mean=0.000629639 status=ok
PD [144/576] elapsed=5.0m eta=15.1m best_final_upper_mean=0.000629639 status=ok
PD [145/576] elapsed=5.8m eta=17.3m best_final_upper_mean=0.000629639 status=ok
PD [146/576] elapsed=5.8m eta=17.2m best_final_upper_mean=0.000629639 status=ok
PD [147/576] elapsed=5.8m eta=17.0m best_final_upper_mean=0.000629639 status=ok
PD [148/576] elapsed=5.8m eta=16.9m best_final_upper_mean=0.000629639 status=ok
PD [149/576] elapsed=5.8m eta=16.7m best_final_upper_mean=0.000629639 status=ok
PD [150/576] elapsed=5.8m eta=16.6m best_final_upper_mean=0.000629639 status=ok
PD [151/576] elapsed=5.8m eta=16.4m best_final_upper_mean=0.000629639 status=ok
PD [152/576] elapsed=5.8m eta=16.3m best_final_upper_mean=0.000629639 status=ok
PD [153/576] elapsed=5.8m eta=16.2m best_final_upper_mean=0.000629639 status=ok
PD [154/576] elapsed=5.8m eta=16.0m best_final_upper_mean=0.000629639 status=ok
PD [155/576] elapsed=5.8m eta=15.9m best_final_upper_mean=0.000629639 status=ok
PD [156/576] elapsed=5.8m eta=15.7m best_final_upper_mean=0.000629639 status=ok
PD [157/576] elapsed=5.8m eta=15.6m best_final_upper_mean=0.000629639 status=ok
PD [158/576] elapsed=5.9m eta=15.5m best_final_upper_mean=0.000629639 status=ok
PD [159/576] elapsed=5.9m eta=15.3m best_final_upper_mean=0.000629639 status=ok
PD [160/576] elapsed=5.9m eta=15.2m best_final_upper_mean=0.000629639 status=ok
PD [161/576] elapsed=5.9m eta=15.1m best_final_upper_mean=0.000629639 status=ok
PD [162/576] elapsed=5.9m eta=15.0m best_final_upper_mean=0.000629639 status=ok
PD [163/576] elapsed=5.9m eta=14.8m best_final_upper_mean=0.000629639 status=ok
PD [164/576] elapsed=5.9m eta=14.7m best_final_upper_mean=0.000629639 status=ok
PD [165/576] elapsed=5.9m eta=14.6m best_final_upper_mean=0.000629639 status=ok
PD [166/576] elapsed=5.9m eta=14.5m best_final_upper_mean=0.000629639 status=ok
PD [167/576] elapsed=5.9m eta=14.3m best_final_upper_mean=0.000629639 status=ok
PD [168/576] elapsed=5.9m eta=14.2m best_final_upper_mean=0.000629639 status=ok
PD [169/576] elapsed=6.6m eta=16.0m best_final_upper_mean=0.000629639 status=ok
PD [170/576] elapsed=6.7m eta=15.9m best_final_upper_mean=0.000629639 status=ok
PD [171/576] elapsed=6.7m eta=15.8m best_final_upper_mean=0.000629639 status=ok
PD [172/576] elapsed=6.7m eta=15.7m best_final_upper_mean=0.000629639 status=ok
PD [173/576] elapsed=6.7m eta=15.5m best_final_upper_mean=0.000629639 status=ok
PD [174/576] elapsed=6.7m eta=15.4m best_final_upper_mean=0.000629639 status=ok
PD [175/576] elapsed=6.7m eta=15.3m best_final_upper_mean=0.000629639 status=ok
PD [176/576] elapsed=6.7m eta=15.2m best_final_upper_mean=0.000629639 status=ok
PD [177/576] elapsed=6.7m eta=15.0m best_final_upper_mean=0.000629639 status=ok
PD [178/576] elapsed=6.7m eta=14.9m best_final_upper_mean=0.000629639 status=ok
PD [179/576] elapsed=6.7m eta=14.8m best_final_upper_mean=0.000629639 status=ok
PD [180/576] elapsed=6.7m eta=14.7m best_final_upper_mean=0.000629639 status=ok
PD [181/576] elapsed=6.7m eta=14.6m best_final_upper_mean=0.000629639 status=ok
PD [182/576] elapsed=6.7m eta=14.5m best_final_upper_mean=0.000629639 status=ok
PD [183/576] elapsed=6.7m eta=14.3m best_final_upper_mean=0.000629639 status=ok
PD [184/576] elapsed=6.7m eta=14.2m best_final_upper_mean=0.000629639 status=ok
PD [185/576] elapsed=6.7m eta=14.1m best_final_upper_mean=0.000629639 status=ok
PD [186/576] elapsed=6.7m eta=14.0m best_final_upper_mean=0.000629639 status=ok
PD [187/576] elapsed=6.7m eta=13.9m best_final_upper_mean=0.000629639 status=ok
PD [188/576] elapsed=6.7m eta=13.8m best_final_upper_mean=0.000629639 status=ok
PD [189/576] elapsed=6.7m eta=13.7m best_final_upper_mean=0.000629639 status=ok
PD [190/576] elapsed=6.7m eta=13.6m best_final_upper_mean=0.000629639 status=ok
PD [191/576] elapsed=6.7m eta=13.5m best_final_upper_mean=0.000629639 status=ok
PD [192/576] elapsed=6.7m eta=13.4m best_final_upper_mean=0.000629639 status=ok
PD [193/576] elapsed=7.5m eta=14.8m best_final_upper_mean=0.000629639 status=ok
PD [194/576] elapsed=7.5m eta=14.7m best_final_upper_mean=0.000629639 status=ok
PD [195/576] elapsed=7.5m eta=14.6m best_final_upper_mean=0.000629639 status=ok
PD [196/576] elapsed=7.5m eta=14.5m best_final_upper_mean=0.000629639 status=ok
PD [197/576] elapsed=7.5m eta=14.4m best_final_upper_mean=0.000629639 status=ok
PD [198/576] elapsed=7.5m eta=14.3m best_final_upper_mean=0.000629639 status=ok
PD [199/576] elapsed=7.5m eta=14.2m best_final_upper_mean=0.000629639 status=ok
PD [200/576] elapsed=7.5m eta=14.1m best_final_upper_mean=0.000629639 status=ok
PD [201/576] elapsed=7.5m eta=14.0m best_final_upper_mean=0.000629639 status=ok
PD [202/576] elapsed=7.5m eta=13.9m best_final_upper_mean=0.000629639 status=ok
PD [203/576] elapsed=7.5m eta=13.8m best_final_upper_mean=0.000629639 status=ok
PD [204/576] elapsed=7.5m eta=13.7m best_final_upper_mean=0.000629639 status=ok
PD [205/576] elapsed=7.5m eta=13.6m best_final_upper_mean=0.000629639 status=ok
PD [206/576] elapsed=7.5m eta=13.5m best_final_upper_mean=0.000629639 status=ok
PD [207/576] elapsed=7.5m eta=13.4m best_final_upper_mean=0.000629639 status=ok
PD [208/576] elapsed=7.5m eta=13.3m best_final_upper_mean=0.000629639 status=ok
PD [209/576] elapsed=7.5m eta=13.2m best_final_upper_mean=0.000629639 status=ok
PD [210/576] elapsed=7.5m eta=13.1m best_final_upper_mean=0.000629639 status=ok
PD [211/576] elapsed=7.5m eta=13.0m best_final_upper_mean=0.000629639 status=ok
PD [212/576] elapsed=7.5m eta=12.9m best_final_upper_mean=0.000629639 status=ok
PD [213/576] elapsed=7.5m eta=12.8m best_final_upper_mean=0.000629639 status=ok
PD [214/576] elapsed=7.5m eta=12.7m best_final_upper_mean=0.000629639 status=ok
PD [215/576] elapsed=7.5m eta=12.6m best_final_upper_mean=0.000629639 status=ok
PD [216/576] elapsed=7.5m eta=12.5m best_final_upper_mean=0.000629639 status=ok
PD [217/576] elapsed=8.3m eta=13.7m best_final_upper_mean=0.000629639 status=ok
PD [218/576] elapsed=8.3m eta=13.6m best_final_upper_mean=0.000629639 status=ok
PD [219/576] elapsed=8.3m eta=13.5m best_final_upper_mean=0.000629639 status=ok
PD [220/576] elapsed=8.3m eta=13.5m best_final_upper_mean=0.000629639 status=ok
PD [221/576] elapsed=8.3m eta=13.4m best_final_upper_mean=0.000629639 status=ok
PD [222/576] elapsed=8.3m eta=13.3m best_final_upper_mean=0.000629639 status=ok
PD [223/576] elapsed=8.3m eta=13.2m best_final_upper_mean=0.000629639 status=ok
PD [224/576] elapsed=8.3m eta=13.1m best_final_upper_mean=0.000629639 status=ok
PD [225/576] elapsed=8.3m eta=13.0m best_final_upper_mean=0.000629639 status=ok
PD [226/576] elapsed=8.3m eta=12.9m best_final_upper_mean=0.000629639 status=ok
PD [227/576] elapsed=8.3m eta=12.8m best_final_upper_mean=0.000629639 status=ok
PD [228/576] elapsed=8.3m eta=12.7m best_final_upper_mean=0.000629639 status=ok
PD [229/576] elapsed=8.3m eta=12.6m best_final_upper_mean=0.000629639 status=ok
PD [230/576] elapsed=8.3m eta=12.5m best_final_upper_mean=0.000629639 status=ok
PD [231/576] elapsed=8.3m eta=12.4m best_final_upper_mean=0.000629639 status=ok
PD [232/576] elapsed=8.3m eta=12.4m best_final_upper_mean=0.000629639 status=ok
PD [233/576] elapsed=8.3m eta=12.3m best_final_upper_mean=0.000629639 status=ok
PD [234/576] elapsed=8.3m eta=12.2m best_final_upper_mean=0.000629639 status=ok
PD [235/576] elapsed=8.3m eta=12.1m best_final_upper_mean=0.000629639 status=ok
PD [236/576] elapsed=8.3m eta=12.0m best_final_upper_mean=0.000629639 status=ok
PD [237/576] elapsed=8.3m eta=11.9m best_final_upper_mean=0.000629639 status=ok
PD [238/576] elapsed=8.3m eta=11.8m best_final_upper_mean=0.000629639 status=ok
PD [239/576] elapsed=8.3m eta=11.8m best_final_upper_mean=0.000629639 status=ok
PD [240/576] elapsed=8.3m eta=11.7m best_final_upper_mean=0.000629639 status=ok
PD [241/576] elapsed=9.1m eta=12.7m best_final_upper_mean=0.000629639 status=ok
PD [242/576] elapsed=9.1m eta=12.6m best_final_upper_mean=0.000629639 status=ok
PD [243/576] elapsed=9.1m eta=12.5m best_final_upper_mean=0.000629639 status=ok
PD [244/576] elapsed=9.1m eta=12.4m best_final_upper_mean=0.000629639 status=ok
PD [245/576] elapsed=9.1m eta=12.4m best_final_upper_mean=0.000629639 status=ok
PD [246/576] elapsed=9.1m eta=12.3m best_final_upper_mean=0.000629639 status=ok
PD [247/576] elapsed=9.1m eta=12.2m best_final_upper_mean=0.000629639 status=ok
PD [248/576] elapsed=9.1m eta=12.1m best_final_upper_mean=0.000629639 status=ok
PD [249/576] elapsed=9.1m eta=12.0m best_final_upper_mean=0.000629639 status=ok
PD [250/576] elapsed=9.2m eta=11.9m best_final_upper_mean=0.000629639 status=ok
PD [251/576] elapsed=9.2m eta=11.8m best_final_upper_mean=0.000629639 status=ok
PD [252/576] elapsed=9.2m eta=11.8m best_final_upper_mean=0.000629639 status=ok
PD [253/576] elapsed=9.2m eta=11.7m best_final_upper_mean=0.000629639 status=ok
PD [254/576] elapsed=9.2m eta=11.6m best_final_upper_mean=0.000629639 status=ok
PD [255/576] elapsed=9.2m eta=11.5m best_final_upper_mean=0.000629639 status=ok
PD [256/576] elapsed=9.2m eta=11.4m best_final_upper_mean=0.000629639 status=ok
PD [257/576] elapsed=9.2m eta=11.4m best_final_upper_mean=0.000629639 status=ok
PD [258/576] elapsed=9.2m eta=11.3m best_final_upper_mean=0.000629639 status=ok
PD [259/576] elapsed=9.2m eta=11.2m best_final_upper_mean=0.000629639 status=ok
PD [260/576] elapsed=9.2m eta=11.1m best_final_upper_mean=0.000629639 status=ok
PD [261/576] elapsed=9.2m eta=11.1m best_final_upper_mean=0.000629639 status=ok
PD [262/576] elapsed=9.2m eta=11.0m best_final_upper_mean=0.000629639 status=ok
PD [263/576] elapsed=9.2m eta=10.9m best_final_upper_mean=0.000629639 status=ok
PD [264/576] elapsed=9.2m eta=10.8m best_final_upper_mean=0.000629639 status=ok
PD [265/576] elapsed=9.9m eta=11.7m best_final_upper_mean=0.000629639 status=ok
PD [266/576] elapsed=10.0m eta=11.6m best_final_upper_mean=0.000629639 status=ok
PD [267/576] elapsed=10.0m eta=11.5m best_final_upper_mean=0.000629639 status=ok
PD [268/576] elapsed=10.0m eta=11.5m best_final_upper_mean=0.000629639 status=ok
PD [269/576] elapsed=10.0m eta=11.4m best_final_upper_mean=0.000629639 status=ok
PD [270/576] elapsed=10.0m eta=11.3m best_final_upper_mean=0.000629639 status=ok
PD [271/576] elapsed=10.0m eta=11.2m best_final_upper_mean=0.000629639 status=ok
PD [272/576] elapsed=10.0m eta=11.1m best_final_upper_mean=0.000629639 status=ok
PD [273/576] elapsed=10.0m eta=11.1m best_final_upper_mean=0.000629639 status=ok
PD [274/576] elapsed=10.0m eta=11.0m best_final_upper_mean=0.000629639 status=ok
PD [275/576] elapsed=10.0m eta=10.9m best_final_upper_mean=0.000629639 status=ok
PD [276/576] elapsed=10.0m eta=10.8m best_final_upper_mean=0.000629639 status=ok
PD [277/576] elapsed=10.0m eta=10.8m best_final_upper_mean=0.000629639 status=ok
PD [278/576] elapsed=10.0m eta=10.7m best_final_upper_mean=0.000629639 status=ok
PD [279/576] elapsed=10.0m eta=10.6m best_final_upper_mean=0.000629639 status=ok
PD [280/576] elapsed=10.0m eta=10.6m best_final_upper_mean=0.000629606 status=ok
PD [281/576] elapsed=10.0m eta=10.5m best_final_upper_mean=0.000629606 status=ok
PD [282/576] elapsed=10.0m eta=10.4m best_final_upper_mean=0.000629606 status=ok
PD [283/576] elapsed=10.0m eta=10.3m best_final_upper_mean=0.000629606 status=ok
PD [284/576] elapsed=10.0m eta=10.3m best_final_upper_mean=0.000629606 status=ok
PD [285/576] elapsed=10.0m eta=10.2m best_final_upper_mean=0.000629606 status=ok
PD [286/576] elapsed=10.0m eta=10.1m best_final_upper_mean=0.000629606 status=ok
PD [287/576] elapsed=10.0m eta=10.1m best_final_upper_mean=0.000629606 status=ok
PD [288/576] elapsed=10.0m eta=10.0m best_final_upper_mean=0.000629606 status=ok
PD [289/576] elapsed=10.8m eta=10.7m best_final_upper_mean=0.000629606 status=ok
PD [290/576] elapsed=10.8m eta=10.6m best_final_upper_mean=0.000629606 status=ok
PD [291/576] elapsed=10.8m eta=10.6m best_final_upper_mean=0.000629606 status=ok
PD [292/576] elapsed=10.8m eta=10.5m best_final_upper_mean=0.000629606 status=ok
PD [293/576] elapsed=10.8m eta=10.4m best_final_upper_mean=0.000629606 status=ok
PD [294/576] elapsed=10.8m eta=10.4m best_final_upper_mean=0.000629606 status=ok
PD [295/576] elapsed=10.8m eta=10.3m best_final_upper_mean=0.000629606 status=ok
PD [296/576] elapsed=10.8m eta=10.2m best_final_upper_mean=0.000629606 status=ok
PD [297/576] elapsed=10.8m eta=10.1m best_final_upper_mean=0.000629606 status=ok
PD [298/576] elapsed=10.8m eta=10.1m best_final_upper_mean=0.000629606 status=ok
PD [299/576] elapsed=10.8m eta=10.0m best_final_upper_mean=0.000629606 status=ok
PD [300/576] elapsed=10.8m eta=9.9m best_final_upper_mean=0.000629606 status=ok
PD [301/576] elapsed=10.8m eta=9.9m best_final_upper_mean=0.000629606 status=ok
PD [302/576] elapsed=10.8m eta=9.8m best_final_upper_mean=0.000629606 status=ok
PD [303/576] elapsed=10.8m eta=9.7m best_final_upper_mean=0.000629606 status=ok
PD [304/576] elapsed=10.8m eta=9.7m best_final_upper_mean=0.000629606 status=ok
PD [305/576] elapsed=10.8m eta=9.6m best_final_upper_mean=0.000629606 status=ok
PD [306/576] elapsed=10.8m eta=9.5m best_final_upper_mean=0.000629606 status=ok
PD [307/576] elapsed=10.8m eta=9.5m best_final_upper_mean=0.000629606 status=ok
PD [308/576] elapsed=10.8m eta=9.4m best_final_upper_mean=0.000629606 status=ok
PD [309/576] elapsed=10.8m eta=9.4m best_final_upper_mean=0.000629606 status=ok
PD [310/576] elapsed=10.8m eta=9.3m best_final_upper_mean=0.000629606 status=ok
PD [311/576] elapsed=10.8m eta=9.2m best_final_upper_mean=0.000629606 status=ok
PD [312/576] elapsed=10.8m eta=9.2m best_final_upper_mean=0.000629606 status=ok
PD [313/576] elapsed=11.6m eta=9.7m best_final_upper_mean=0.000629606 status=ok
PD [314/576] elapsed=11.6m eta=9.7m best_final_upper_mean=0.000629606 status=ok
PD [315/576] elapsed=11.6m eta=9.6m best_final_upper_mean=0.000629606 status=ok
PD [316/576] elapsed=11.6m eta=9.6m best_final_upper_mean=0.000629606 status=ok
PD [317/576] elapsed=11.6m eta=9.5m best_final_upper_mean=0.000629606 status=ok
PD [318/576] elapsed=11.6m eta=9.4m best_final_upper_mean=0.000629606 status=ok
PD [319/576] elapsed=11.6m eta=9.4m best_final_upper_mean=0.000629606 status=ok
PD [320/576] elapsed=11.6m eta=9.3m best_final_upper_mean=0.000629606 status=ok
PD [321/576] elapsed=11.6m eta=9.2m best_final_upper_mean=0.000629606 status=ok
PD [322/576] elapsed=11.6m eta=9.2m best_final_upper_mean=0.000629606 status=ok
PD [323/576] elapsed=11.6m eta=9.1m best_final_upper_mean=0.000629606 status=ok
PD [324/576] elapsed=11.6m eta=9.0m best_final_upper_mean=0.000629606 status=ok
PD [325/576] elapsed=11.6m eta=9.0m best_final_upper_mean=0.000629606 status=ok
PD [326/576] elapsed=11.6m eta=8.9m best_final_upper_mean=0.000629606 status=ok
PD [327/576] elapsed=11.6m eta=8.9m best_final_upper_mean=0.000629606 status=ok
PD [328/576] elapsed=11.6m eta=8.8m best_final_upper_mean=0.000629606 status=ok
PD [329/576] elapsed=11.6m eta=8.7m best_final_upper_mean=0.000629606 status=ok
PD [330/576] elapsed=11.6m eta=8.7m best_final_upper_mean=0.000629606 status=ok
PD [331/576] elapsed=11.6m eta=8.6m best_final_upper_mean=0.000629606 status=ok
PD [332/576] elapsed=11.6m eta=8.6m best_final_upper_mean=0.000629606 status=ok
PD [333/576] elapsed=11.6m eta=8.5m best_final_upper_mean=0.000629606 status=ok
PD [334/576] elapsed=11.6m eta=8.4m best_final_upper_mean=0.000629606 status=ok
PD [335/576] elapsed=11.6m eta=8.4m best_final_upper_mean=0.000629606 status=ok
PD [336/576] elapsed=11.7m eta=8.3m best_final_upper_mean=0.000629606 status=ok
PD [337/576] elapsed=12.4m eta=8.8m best_final_upper_mean=0.000629606 status=ok
PD [338/576] elapsed=12.4m eta=8.7m best_final_upper_mean=0.000629606 status=ok
PD [339/576] elapsed=12.4m eta=8.7m best_final_upper_mean=0.000629606 status=ok
PD [340/576] elapsed=12.4m eta=8.6m best_final_upper_mean=0.000629606 status=ok
PD [341/576] elapsed=12.4m eta=8.6m best_final_upper_mean=0.000629606 status=ok
PD [342/576] elapsed=12.4m eta=8.5m best_final_upper_mean=0.000629606 status=ok
PD [343/576] elapsed=12.4m eta=8.5m best_final_upper_mean=0.000629606 status=ok
PD [344/576] elapsed=12.4m eta=8.4m best_final_upper_mean=0.000629606 status=ok
PD [345/576] elapsed=12.4m eta=8.3m best_final_upper_mean=0.000629606 status=ok
PD [346/576] elapsed=12.5m eta=8.3m best_final_upper_mean=0.000629606 status=ok
PD [347/576] elapsed=12.5m eta=8.2m best_final_upper_mean=0.000629606 status=ok
PD [348/576] elapsed=12.5m eta=8.2m best_final_upper_mean=0.000629606 status=ok
PD [349/576] elapsed=12.5m eta=8.1m best_final_upper_mean=0.000629606 status=ok
PD [350/576] elapsed=12.5m eta=8.0m best_final_upper_mean=0.000629606 status=ok
PD [351/576] elapsed=12.5m eta=8.0m best_final_upper_mean=0.000629606 status=ok
PD [352/576] elapsed=12.5m eta=7.9m best_final_upper_mean=0.000629606 status=ok
PD [353/576] elapsed=12.5m eta=7.9m best_final_upper_mean=0.000629606 status=ok
PD [354/576] elapsed=12.5m eta=7.8m best_final_upper_mean=0.000629606 status=ok
PD [355/576] elapsed=12.5m eta=7.8m best_final_upper_mean=0.000629606 status=ok
PD [356/576] elapsed=12.5m eta=7.7m best_final_upper_mean=0.000629606 status=ok
PD [357/576] elapsed=12.5m eta=7.6m best_final_upper_mean=0.000629606 status=ok
PD [358/576] elapsed=12.5m eta=7.6m best_final_upper_mean=0.000629606 status=ok
PD [359/576] elapsed=12.5m eta=7.5m best_final_upper_mean=0.000629606 status=ok
PD [360/576] elapsed=12.5m eta=7.5m best_final_upper_mean=0.000629606 status=ok
PD [361/576] elapsed=13.2m eta=7.9m best_final_upper_mean=0.000629606 status=ok
PD [362/576] elapsed=13.2m eta=7.8m best_final_upper_mean=0.000629606 status=ok
PD [363/576] elapsed=13.3m eta=7.8m best_final_upper_mean=0.000629606 status=ok
PD [364/576] elapsed=13.3m eta=7.7m best_final_upper_mean=0.000629606 status=ok
PD [365/576] elapsed=13.3m eta=7.7m best_final_upper_mean=0.000629606 status=ok
PD [366/576] elapsed=13.3m eta=7.6m best_final_upper_mean=0.000629606 status=ok
PD [367/576] elapsed=13.3m eta=7.6m best_final_upper_mean=0.000629606 status=ok
PD [368/576] elapsed=13.3m eta=7.5m best_final_upper_mean=0.000629606 status=ok
PD [369/576] elapsed=13.3m eta=7.4m best_final_upper_mean=0.000629606 status=ok
PD [370/576] elapsed=13.3m eta=7.4m best_final_upper_mean=0.000629606 status=ok
PD [371/576] elapsed=13.3m eta=7.3m best_final_upper_mean=0.000629606 status=ok
PD [372/576] elapsed=13.3m eta=7.3m best_final_upper_mean=0.000629606 status=ok
PD [373/576] elapsed=13.3m eta=7.2m best_final_upper_mean=0.000629606 status=ok
PD [374/576] elapsed=13.3m eta=7.2m best_final_upper_mean=0.000629606 status=ok
PD [375/576] elapsed=13.3m eta=7.1m best_final_upper_mean=0.000629606 status=ok
PD [376/576] elapsed=13.3m eta=7.1m best_final_upper_mean=0.000629606 status=ok
PD [377/576] elapsed=13.3m eta=7.0m best_final_upper_mean=0.000629606 status=ok
PD [378/576] elapsed=13.3m eta=7.0m best_final_upper_mean=0.000629606 status=ok
PD [379/576] elapsed=13.3m eta=6.9m best_final_upper_mean=0.000629606 status=ok
PD [380/576] elapsed=13.3m eta=6.9m best_final_upper_mean=0.000629606 status=ok
PD [381/576] elapsed=13.3m eta=6.8m best_final_upper_mean=0.000629606 status=ok
PD [382/576] elapsed=13.3m eta=6.8m best_final_upper_mean=0.000629606 status=ok
PD [383/576] elapsed=13.3m eta=6.7m best_final_upper_mean=0.000629606 status=ok
PD [384/576] elapsed=13.3m eta=6.7m best_final_upper_mean=0.000629606 status=ok
PD [385/576] elapsed=14.0m eta=7.0m best_final_upper_mean=0.000629606 status=ok
PD [386/576] elapsed=14.1m eta=6.9m best_final_upper_mean=0.000629606 status=ok
PD [387/576] elapsed=14.1m eta=6.9m best_final_upper_mean=0.000629606 status=ok
PD [388/576] elapsed=14.1m eta=6.8m best_final_upper_mean=0.000629606 status=ok
PD [389/576] elapsed=14.1m eta=6.8m best_final_upper_mean=0.000629606 status=ok
PD [390/576] elapsed=14.1m eta=6.7m best_final_upper_mean=0.000629606 status=ok
PD [391/576] elapsed=14.1m eta=6.7m best_final_upper_mean=0.000629606 status=ok
PD [392/576] elapsed=14.1m eta=6.6m best_final_upper_mean=0.000629606 status=ok
PD [393/576] elapsed=14.1m eta=6.6m best_final_upper_mean=0.000629606 status=ok
PD [394/576] elapsed=14.1m eta=6.5m best_final_upper_mean=0.000629606 status=ok
PD [395/576] elapsed=14.1m eta=6.5m best_final_upper_mean=0.000629606 status=ok
PD [396/576] elapsed=14.1m eta=6.4m best_final_upper_mean=0.000629606 status=ok
PD [397/576] elapsed=14.1m eta=6.4m best_final_upper_mean=0.000629606 status=ok
PD [398/576] elapsed=14.1m eta=6.3m best_final_upper_mean=0.000629606 status=ok
PD [399/576] elapsed=14.1m eta=6.3m best_final_upper_mean=0.000629606 status=ok
PD [400/576] elapsed=14.1m eta=6.2m best_final_upper_mean=0.000629606 status=ok
PD [401/576] elapsed=14.1m eta=6.2m best_final_upper_mean=0.000629606 status=ok
PD [402/576] elapsed=14.1m eta=6.1m best_final_upper_mean=0.000629606 status=ok
PD [403/576] elapsed=14.1m eta=6.1m best_final_upper_mean=0.000629606 status=ok
PD [404/576] elapsed=14.1m eta=6.0m best_final_upper_mean=0.000629606 status=ok
PD [405/576] elapsed=14.1m eta=6.0m best_final_upper_mean=0.000629606 status=ok
PD [406/576] elapsed=14.1m eta=5.9m best_final_upper_mean=0.000629606 status=ok
PD [407/576] elapsed=14.1m eta=5.9m best_final_upper_mean=0.000629606 status=ok
PD [408/576] elapsed=14.1m eta=5.8m best_final_upper_mean=0.000629606 status=ok
PD [409/576] elapsed=14.9m eta=6.1m best_final_upper_mean=0.000629606 status=ok
PD [410/576] elapsed=14.9m eta=6.0m best_final_upper_mean=0.000629606 status=ok
PD [411/576] elapsed=14.9m eta=6.0m best_final_upper_mean=0.000629606 status=ok
PD [412/576] elapsed=14.9m eta=5.9m best_final_upper_mean=0.000629606 status=ok
PD [413/576] elapsed=14.9m eta=5.9m best_final_upper_mean=0.000629606 status=ok
PD [414/576] elapsed=14.9m eta=5.8m best_final_upper_mean=0.000629606 status=ok
PD [415/576] elapsed=14.9m eta=5.8m best_final_upper_mean=0.000629606 status=ok
PD [416/576] elapsed=14.9m eta=5.7m best_final_upper_mean=0.000629606 status=ok
PD [417/576] elapsed=14.9m eta=5.7m best_final_upper_mean=0.000629606 status=ok
PD [418/576] elapsed=14.9m eta=5.6m best_final_upper_mean=0.000629606 status=ok
PD [419/576] elapsed=14.9m eta=5.6m best_final_upper_mean=0.000629606 status=ok
PD [420/576] elapsed=14.9m eta=5.5m best_final_upper_mean=0.000629606 status=ok
PD [421/576] elapsed=14.9m eta=5.5m best_final_upper_mean=0.000629606 status=ok
PD [422/576] elapsed=14.9m eta=5.4m best_final_upper_mean=0.000629606 status=ok
PD [423/576] elapsed=14.9m eta=5.4m best_final_upper_mean=0.000629606 status=ok
PD [424/576] elapsed=14.9m eta=5.4m best_final_upper_mean=0.000629606 status=ok
PD [425/576] elapsed=14.9m eta=5.3m best_final_upper_mean=0.000629606 status=ok
PD [426/576] elapsed=14.9m eta=5.3m best_final_upper_mean=0.000629352 status=ok
PD [427/576] elapsed=14.9m eta=5.2m best_final_upper_mean=0.000629352 status=ok
PD [428/576] elapsed=14.9m eta=5.2m best_final_upper_mean=0.000629352 status=ok
PD [429/576] elapsed=14.9m eta=5.1m best_final_upper_mean=0.000629352 status=ok
PD [430/576] elapsed=14.9m eta=5.1m best_final_upper_mean=0.000629352 status=ok
PD [431/576] elapsed=14.9m eta=5.0m best_final_upper_mean=0.000629352 status=ok
PD [432/576] elapsed=15.0m eta=5.0m best_final_upper_mean=0.000629352 status=ok
PD [433/576] elapsed=15.7m eta=5.2m best_final_upper_mean=0.000629352 status=ok
PD [434/576] elapsed=15.7m eta=5.1m best_final_upper_mean=0.000629352 status=ok
PD [435/576] elapsed=15.7m eta=5.1m best_final_upper_mean=0.000629352 status=ok
PD [436/576] elapsed=15.7m eta=5.0m best_final_upper_mean=0.000629352 status=ok
PD [437/576] elapsed=15.7m eta=5.0m best_final_upper_mean=0.000629352 status=ok
PD [438/576] elapsed=15.7m eta=5.0m best_final_upper_mean=0.000629352 status=ok
PD [439/576] elapsed=15.7m eta=4.9m best_final_upper_mean=0.000629352 status=ok
PD [440/576] elapsed=15.7m eta=4.9m best_final_upper_mean=0.000629352 status=ok
PD [441/576] elapsed=15.7m eta=4.8m best_final_upper_mean=0.000629352 status=ok
PD [442/576] elapsed=15.7m eta=4.8m best_final_upper_mean=0.000629352 status=ok
PD [443/576] elapsed=15.7m eta=4.7m best_final_upper_mean=0.000629352 status=ok
PD [444/576] elapsed=15.7m eta=4.7m best_final_upper_mean=0.000629352 status=ok
PD [445/576] elapsed=15.7m eta=4.6m best_final_upper_mean=0.000629352 status=ok
PD [446/576] elapsed=15.7m eta=4.6m best_final_upper_mean=0.000629352 status=ok
PD [447/576] elapsed=15.7m eta=4.5m best_final_upper_mean=0.000629352 status=ok
PD [448/576] elapsed=15.7m eta=4.5m best_final_upper_mean=0.000629352 status=ok
PD [449/576] elapsed=15.8m eta=4.5m best_final_upper_mean=0.000629352 status=ok
PD [450/576] elapsed=15.8m eta=4.4m best_final_upper_mean=0.000629352 status=ok
PD [451/576] elapsed=15.8m eta=4.4m best_final_upper_mean=0.000629352 status=ok
PD [452/576] elapsed=15.8m eta=4.3m best_final_upper_mean=0.000629352 status=ok
PD [453/576] elapsed=15.8m eta=4.3m best_final_upper_mean=0.000629352 status=ok
PD [454/576] elapsed=15.8m eta=4.2m best_final_upper_mean=0.000629352 status=ok
PD [455/576] elapsed=15.8m eta=4.2m best_final_upper_mean=0.000629352 status=ok
PD [456/576] elapsed=15.8m eta=4.2m best_final_upper_mean=0.000629352 status=ok
PD [457/576] elapsed=16.5m eta=4.3m best_final_upper_mean=0.000629352 status=ok
PD [458/576] elapsed=16.5m eta=4.3m best_final_upper_mean=0.000629352 status=ok
PD [459/576] elapsed=16.5m eta=4.2m best_final_upper_mean=0.000629352 status=ok
PD [460/576] elapsed=16.5m eta=4.2m best_final_upper_mean=0.000629352 status=ok
PD [461/576] elapsed=16.5m eta=4.1m best_final_upper_mean=0.000629352 status=ok
PD [462/576] elapsed=16.5m eta=4.1m best_final_upper_mean=0.000629352 status=ok
PD [463/576] elapsed=16.6m eta=4.0m best_final_upper_mean=0.000629352 status=ok
PD [464/576] elapsed=16.6m eta=4.0m best_final_upper_mean=0.000629352 status=ok
PD [465/576] elapsed=16.6m eta=4.0m best_final_upper_mean=0.000629352 status=ok
PD [466/576] elapsed=16.6m eta=3.9m best_final_upper_mean=0.000629352 status=ok
PD [467/576] elapsed=16.6m eta=3.9m best_final_upper_mean=0.000629352 status=ok
PD [468/576] elapsed=16.6m eta=3.8m best_final_upper_mean=0.000629352 status=ok
PD [469/576] elapsed=16.6m eta=3.8m best_final_upper_mean=0.000629352 status=ok
PD [470/576] elapsed=16.6m eta=3.7m best_final_upper_mean=0.000629352 status=ok
PD [471/576] elapsed=16.6m eta=3.7m best_final_upper_mean=0.000629352 status=ok
PD [472/576] elapsed=16.6m eta=3.7m best_final_upper_mean=0.000629352 status=ok
PD [473/576] elapsed=16.6m eta=3.6m best_final_upper_mean=0.000629352 status=ok
PD [474/576] elapsed=16.6m eta=3.6m best_final_upper_mean=0.000629352 status=ok
PD [475/576] elapsed=16.6m eta=3.5m best_final_upper_mean=0.000629352 status=ok
PD [476/576] elapsed=16.6m eta=3.5m best_final_upper_mean=0.000629352 status=ok
PD [477/576] elapsed=16.6m eta=3.4m best_final_upper_mean=0.000629352 status=ok
PD [478/576] elapsed=16.6m eta=3.4m best_final_upper_mean=0.000629352 status=ok
PD [479/576] elapsed=16.6m eta=3.4m best_final_upper_mean=0.000629352 status=ok
PD [480/576] elapsed=16.6m eta=3.3m best_final_upper_mean=0.000629352 status=ok
PD [481/576] elapsed=17.3m eta=3.4m best_final_upper_mean=0.000629352 status=ok
PD [482/576] elapsed=17.3m eta=3.4m best_final_upper_mean=0.000629352 status=ok
PD [483/576] elapsed=17.4m eta=3.3m best_final_upper_mean=0.000629352 status=ok
PD [484/576] elapsed=17.4m eta=3.3m best_final_upper_mean=0.000629352 status=ok
PD [485/576] elapsed=17.4m eta=3.3m best_final_upper_mean=0.000629352 status=ok
PD [486/576] elapsed=17.4m eta=3.2m best_final_upper_mean=0.000629352 status=ok
PD [487/576] elapsed=17.4m eta=3.2m best_final_upper_mean=0.000629352 status=ok
PD [488/576] elapsed=17.4m eta=3.1m best_final_upper_mean=0.000629352 status=ok
PD [489/576] elapsed=17.4m eta=3.1m best_final_upper_mean=0.000629352 status=ok
PD [490/576] elapsed=17.4m eta=3.1m best_final_upper_mean=0.000629352 status=ok
PD [491/576] elapsed=17.4m eta=3.0m best_final_upper_mean=0.000629352 status=ok
PD [492/576] elapsed=17.4m eta=3.0m best_final_upper_mean=0.000629352 status=ok
PD [493/576] elapsed=17.4m eta=2.9m best_final_upper_mean=0.000629352 status=ok
PD [494/576] elapsed=17.4m eta=2.9m best_final_upper_mean=0.000629352 status=ok
PD [495/576] elapsed=17.4m eta=2.8m best_final_upper_mean=0.000629352 status=ok
PD [496/576] elapsed=17.4m eta=2.8m best_final_upper_mean=0.000629352 status=ok
PD [497/576] elapsed=17.4m eta=2.8m best_final_upper_mean=0.000629352 status=ok
PD [498/576] elapsed=17.4m eta=2.7m best_final_upper_mean=0.000629352 status=ok
PD [499/576] elapsed=17.4m eta=2.7m best_final_upper_mean=0.000629352 status=ok
PD [500/576] elapsed=17.4m eta=2.6m best_final_upper_mean=0.000629352 status=ok
PD [501/576] elapsed=17.4m eta=2.6m best_final_upper_mean=0.000629352 status=ok
PD [502/576] elapsed=17.4m eta=2.6m best_final_upper_mean=0.000629352 status=ok
PD [503/576] elapsed=17.4m eta=2.5m best_final_upper_mean=0.000629352 status=ok
PD [504/576] elapsed=17.4m eta=2.5m best_final_upper_mean=0.000629352 status=ok
PD [505/576] elapsed=18.1m eta=2.6m best_final_upper_mean=0.000629352 status=ok
PD [506/576] elapsed=18.2m eta=2.5m best_final_upper_mean=0.000629352 status=ok
PD [507/576] elapsed=18.2m eta=2.5m best_final_upper_mean=0.000629352 status=ok
PD [508/576] elapsed=18.2m eta=2.4m best_final_upper_mean=0.000629352 status=ok
PD [509/576] elapsed=18.2m eta=2.4m best_final_upper_mean=0.000629352 status=ok
PD [510/576] elapsed=18.2m eta=2.4m best_final_upper_mean=0.000629352 status=ok
PD [511/576] elapsed=18.2m eta=2.3m best_final_upper_mean=0.000629352 status=ok
PD [512/576] elapsed=18.2m eta=2.3m best_final_upper_mean=0.000629352 status=ok
PD [513/576] elapsed=18.2m eta=2.2m best_final_upper_mean=0.000629352 status=ok
PD [514/576] elapsed=18.2m eta=2.2m best_final_upper_mean=0.000629352 status=ok
PD [515/576] elapsed=18.2m eta=2.2m best_final_upper_mean=0.000629352 status=ok
PD [516/576] elapsed=18.2m eta=2.1m best_final_upper_mean=0.000629352 status=ok
PD [517/576] elapsed=18.2m eta=2.1m best_final_upper_mean=0.000629352 status=ok
PD [518/576] elapsed=18.2m eta=2.0m best_final_upper_mean=0.000629352 status=ok
PD [519/576] elapsed=18.2m eta=2.0m best_final_upper_mean=0.000629352 status=ok
PD [520/576] elapsed=18.2m eta=2.0m best_final_upper_mean=0.000629352 status=ok
PD [521/576] elapsed=18.2m eta=1.9m best_final_upper_mean=0.000629352 status=ok
PD [522/576] elapsed=18.2m eta=1.9m best_final_upper_mean=0.000629352 status=ok
PD [523/576] elapsed=18.2m eta=1.8m best_final_upper_mean=0.000629352 status=ok
PD [524/576] elapsed=18.2m eta=1.8m best_final_upper_mean=0.000629352 status=ok
PD [525/576] elapsed=18.2m eta=1.8m best_final_upper_mean=0.000629352 status=ok
PD [526/576] elapsed=18.2m eta=1.7m best_final_upper_mean=0.000629352 status=ok
PD [527/576] elapsed=18.2m eta=1.7m best_final_upper_mean=0.000629352 status=ok
PD [528/576] elapsed=18.3m eta=1.7m best_final_upper_mean=0.000629352 status=ok
PD [529/576] elapsed=19.0m eta=1.7m best_final_upper_mean=0.000629352 status=ok
PD [530/576] elapsed=19.0m eta=1.6m best_final_upper_mean=0.000629352 status=ok
PD [531/576] elapsed=19.0m eta=1.6m best_final_upper_mean=0.000629352 status=ok
PD [532/576] elapsed=19.0m eta=1.6m best_final_upper_mean=0.000629352 status=ok
PD [533/576] elapsed=19.0m eta=1.5m best_final_upper_mean=0.000629352 status=ok
PD [534/576] elapsed=19.0m eta=1.5m best_final_upper_mean=0.000629352 status=ok
PD [535/576] elapsed=19.0m eta=1.5m best_final_upper_mean=0.000629352 status=ok
PD [536/576] elapsed=19.0m eta=1.4m best_final_upper_mean=0.000629352 status=ok
PD [537/576] elapsed=19.0m eta=1.4m best_final_upper_mean=0.000629352 status=ok
PD [538/576] elapsed=19.0m eta=1.3m best_final_upper_mean=0.000629352 status=ok
PD [539/576] elapsed=19.0m eta=1.3m best_final_upper_mean=0.000629352 status=ok
PD [540/576] elapsed=19.0m eta=1.3m best_final_upper_mean=0.000629352 status=ok
PD [541/576] elapsed=19.0m eta=1.2m best_final_upper_mean=0.000629352 status=ok
PD [542/576] elapsed=19.0m eta=1.2m best_final_upper_mean=0.000629352 status=ok
PD [543/576] elapsed=19.0m eta=1.2m best_final_upper_mean=0.000629352 status=ok
PD [544/576] elapsed=19.0m eta=1.1m best_final_upper_mean=0.000629352 status=ok
PD [545/576] elapsed=19.0m eta=1.1m best_final_upper_mean=0.000629352 status=ok
PD [546/576] elapsed=19.0m eta=1.0m best_final_upper_mean=0.000629352 status=ok
PD [547/576] elapsed=19.0m eta=1.0m best_final_upper_mean=0.000629352 status=ok
PD [548/576] elapsed=19.0m eta=1.0m best_final_upper_mean=0.000629352 status=ok
PD [549/576] elapsed=19.1m eta=0.9m best_final_upper_mean=0.000629352 status=ok
PD [550/576] elapsed=19.1m eta=0.9m best_final_upper_mean=0.000629352 status=ok
PD [551/576] elapsed=19.1m eta=0.9m best_final_upper_mean=0.000629352 status=ok
PD [552/576] elapsed=19.1m eta=0.8m best_final_upper_mean=0.000629352 status=ok
PD [553/576] elapsed=19.8m eta=0.8m best_final_upper_mean=0.000629352 status=ok
PD [554/576] elapsed=19.8m eta=0.8m best_final_upper_mean=0.000629352 status=ok
PD [555/576] elapsed=19.8m eta=0.8m best_final_upper_mean=0.000629352 status=ok
PD [556/576] elapsed=19.8m eta=0.7m best_final_upper_mean=0.000629352 status=ok
PD [557/576] elapsed=19.8m eta=0.7m best_final_upper_mean=0.000629352 status=ok
PD [558/576] elapsed=19.8m eta=0.6m best_final_upper_mean=0.000629352 status=ok
PD [559/576] elapsed=19.8m eta=0.6m best_final_upper_mean=0.000629352 status=ok
PD [560/576] elapsed=19.8m eta=0.6m best_final_upper_mean=0.000629352 status=ok
PD [561/576] elapsed=19.8m eta=0.5m best_final_upper_mean=0.000629352 status=ok
PD [562/576] elapsed=19.8m eta=0.5m best_final_upper_mean=0.000629352 status=ok
PD [563/576] elapsed=19.8m eta=0.5m best_final_upper_mean=0.000629352 status=ok
PD [564/576] elapsed=19.8m eta=0.4m best_final_upper_mean=0.000629352 status=ok
PD [565/576] elapsed=19.8m eta=0.4m best_final_upper_mean=0.000629352 status=ok
PD [566/576] elapsed=19.8m eta=0.4m best_final_upper_mean=0.000629352 status=ok
PD [567/576] elapsed=19.8m eta=0.3m best_final_upper_mean=0.000629352 status=ok
PD [568/576] elapsed=19.8m eta=0.3m best_final_upper_mean=0.000629352 status=ok
PD [569/576] elapsed=19.8m eta=0.2m best_final_upper_mean=0.000626788 status=ok
PD [570/576] elapsed=19.9m eta=0.2m best_final_upper_mean=0.000626788 status=ok
PD [571/576] elapsed=19.9m eta=0.2m best_final_upper_mean=0.000626788 status=ok
PD [572/576] elapsed=19.9m eta=0.1m best_final_upper_mean=0.000626788 status=ok
PD [573/576] elapsed=19.9m eta=0.1m best_final_upper_mean=0.000626788 status=ok
PD [574/576] elapsed=19.9m eta=0.1m best_final_upper_mean=0.000626788 status=ok
PD [575/576] elapsed=19.9m eta=0.0m best_final_upper_mean=0.000626788 status=ok
PD [576/576] elapsed=19.9m eta=0.0m best_final_upper_mean=0.000626788 status=ok
Saved PD grid table: /mnt/data/cqc/anaconda3/project/Synthetic example/final_report_experiments/deterministic/adaprox_tuning/results/legacy_stage1_nodivn_upper_pd_grid.csv
Best PD row: {'alpha': 0.001, 'xi': 0.1, 'sigma': 0.1, 'beta': 0.1, 'primal_lr': 0.01, 'dual_lr': 0.0001, 'lambda_max': 100.0, 'dual_momentum': 0.0, 'reset_lambda_per_outer': False, 'num_seeds': 1, 'final_total_mean': 0.7339571118354797, 'final_total_std': 0.0, 'final_upper_mean': 0.0006267880671657622, 'final_upper_std': 0.0, 'final_lower_mean': 0.7333303093910217, 'final_lower_std': 0.0, 'final_max_constraint_mean': 1.683445692062378, 'final_max_constraint_std': 0.0, 'final_score_mean': 2.4174028038978577, 'final_score_std': 0.0, 'tail_mean_total_mean': 0.7339571118354797, 'tail_mean_total_std': 0.0, 'tail_mean_upper_mean': 0.0006267880671657622, 'tail_mean_upper_std': 0.0, 'tail_mean_lower_mean': 0.7333303093910217, 'tail_mean_lower_std': 0.0, 'tail_mean_max_constraint_mean': 1.683445692062378, 'tail_mean_max_constraint_std': 0.0, 'tail_score_mean': 2.4174028038978577, 'tail_score_std': 0.0, 'best_total_mean': 0.7339571118354797, 'best_total_std': 0.0, 'best_upper_mean': 0.0006267880671657622, 'best_upper_std': 0.0, 'best_lower_mean': 0.3714917302131653, 'best_lower_std': 0.0, 'best_max_constraint_mean': 1.683445692062378, 'best_max_constraint_std': 0.0, 'time_mean': 48.36061848141253, 'time_std': 0.0, 'lower_scale': 1.0, 'lower_divide_by_n': False, 'method': 'PD', 'status': 'ok', 'error': ''}
Running comparison with 10 repeated seeds
comparison repeat 1/10, seed=42
comparison repeat 2/10, seed=43
comparison repeat 3/10, seed=44
comparison repeat 4/10, seed=45
comparison repeat 5/10, seed=46
comparison repeat 6/10, seed=47
comparison repeat 7/10, seed=48
comparison repeat 8/10, seed=49
comparison repeat 9/10, seed=50
comparison repeat 10/10, seed=51
Saved comparison data: /mnt/data/cqc/anaconda3/project/Synthetic example/final_report_experiments/deterministic/adaprox_tuning/results/legacy_stage1_nodivn_upper_comparison.pt
Saved comparison figure: /mnt/data/cqc/anaconda3/project/Synthetic example/final_report_experiments/deterministic/adaprox_tuning/results/legacy_stage1_nodivn_upper_comparison.png
Best SG params: {'alpha': 0.001, 'xi': 0.01, 'sigma': 0.001, 'beta': 0.001, 'gamma0': 10.0, 'threshold_scale': 1.0, 'constraint_step_interval': 0, 'num_seeds': 1, 'final_total_mean': 0.27561965584754944, 'final_total_std': 0.0, 'final_upper_mean': 0.275582879781723, 'final_upper_std': 0.0, 'final_lower_mean': 3.676773121696897e-05, 'final_lower_std': 0.0, 'final_max_constraint_mean': 0.34640422463417053, 'final_max_constraint_std': 0.0, 'final_score_mean': 0.62202388048172, 'final_score_std': 0.0, 'tail_mean_total_mean': 0.27561965584754944, 'tail_mean_total_std': 0.0, 'tail_mean_upper_mean': 0.275582879781723, 'tail_mean_upper_std': 0.0, 'tail_mean_lower_mean': 3.676773121696897e-05, 'tail_mean_lower_std': 0.0, 'tail_mean_max_constraint_mean': 0.34640422463417053, 'tail_mean_max_constraint_std': 0.0, 'tail_score_mean': 0.62202388048172, 'tail_score_std': 0.0, 'best_total_mean': 0.27561965584754944, 'best_total_std': 0.0, 'best_upper_mean': 0.275582879781723, 'best_upper_std': 0.0, 'best_lower_mean': 3.676773121696897e-05, 'best_lower_std': 0.0, 'best_max_constraint_mean': 0.34640422463417053, 'best_max_constraint_std': 0.0, 'time_mean': 38.09911693027243, 'time_std': 0.0, 'lower_scale': 1.0, 'lower_divide_by_n': False, 'method': 'SG', 'status': 'ok', 'error': ''}
Best PD params: {'alpha': 0.001, 'xi': 0.1, 'sigma': 0.1, 'beta': 0.1, 'primal_lr': 0.01, 'dual_lr': 0.0001, 'lambda_max': 100.0, 'dual_momentum': 0.0, 'reset_lambda_per_outer': False, 'num_seeds': 1, 'final_total_mean': 0.7339571118354797, 'final_total_std': 0.0, 'final_upper_mean': 0.0006267880671657622, 'final_upper_std': 0.0, 'final_lower_mean': 0.7333303093910217, 'final_lower_std': 0.0, 'final_max_constraint_mean': 1.683445692062378, 'final_max_constraint_std': 0.0, 'final_score_mean': 2.4174028038978577, 'final_score_std': 0.0, 'tail_mean_total_mean': 0.7339571118354797, 'tail_mean_total_std': 0.0, 'tail_mean_upper_mean': 0.0006267880671657622, 'tail_mean_upper_std': 0.0, 'tail_mean_lower_mean': 0.7333303093910217, 'tail_mean_lower_std': 0.0, 'tail_mean_max_constraint_mean': 1.683445692062378, 'tail_mean_max_constraint_std': 0.0, 'tail_score_mean': 2.4174028038978577, 'tail_score_std': 0.0, 'best_total_mean': 0.7339571118354797, 'best_total_std': 0.0, 'best_upper_mean': 0.0006267880671657622, 'best_upper_std': 0.0, 'best_lower_mean': 0.3714917302131653, 'best_lower_std': 0.0, 'best_max_constraint_mean': 1.683445692062378, 'best_max_constraint_std': 0.0, 'time_mean': 48.36061848141253, 'time_std': 0.0, 'lower_scale': 1.0, 'lower_divide_by_n': False, 'method': 'PD', 'status': 'ok', 'error': ''}
